// Vitest Snapshot v1, https://vitest.dev/guide/snapshot.html

exports[`getGHS > triethylamine 1`] = `
{
  "hStatements": [
    {
      "data": [
        {
          "code": "H225",
          "description": "Highly Flammable liquid and vapor",
        },
        {
          "code": "H302",
          "description": "Harmful if swallowed",
        },
        {
          "code": "H312",
          "description": "Harmful in contact with skin",
        },
        {
          "code": "H314",
          "description": "Causes severe skin burns and eye damage",
        },
        {
          "code": "H332",
          "description": "Harmful if inhaled",
        },
      ],
      "reference": {
        "description": "Regulation (EC) No 1272/2008 of the European Parliament and of the Council of 16 December 2008 on classification, labelling and packaging of substances and mixtures.",
        "name": "triethylamine",
        "sourceName": "EU REGULATION (EC) No 1272/2008",
        "url": "https://eur-lex.europa.eu/legal-content/EN/TXT/?uri=CELEX%3A32008R1272",
      },
    },
    {
      "data": [
        {
          "code": "H225",
          "description": "Highly Flammable liquid and vapor",
        },
        {
          "code": "H302",
          "description": "Harmful if swallowed",
        },
        {
          "code": "H311",
          "description": "Toxic in contact with skin",
        },
        {
          "code": "H312",
          "description": "Harmful in contact with skin",
        },
        {
          "code": "H314",
          "description": "Causes severe skin burns and eye damage",
        },
        {
          "code": "H318",
          "description": "Causes serious eye damage",
        },
        {
          "code": "H331",
          "description": "Toxic if inhaled",
        },
        {
          "code": "H332",
          "description": "Harmful if inhaled",
        },
        {
          "code": "H335",
          "description": "May cause respiratory irritation",
        },
      ],
      "reference": {
        "description": "The information provided here is aggregated from the \\"Notified classification and labelling\\" from ECHA's C&L Inventory. Read more: https://echa.europa.eu/information-on-chemicals/cl-inventory-database",
        "name": "Triethylamine",
        "sourceName": "European Chemicals Agency (ECHA)",
        "url": "https://echa.europa.eu/information-on-chemicals/cl-inventory-database/-/discli/details/127374",
      },
    },
    {
      "data": [
        {
          "code": "H225",
          "description": "Highly Flammable liquid and vapor",
        },
        {
          "code": "H302",
          "description": "Harmful if swallowed",
        },
        {
          "code": "H311",
          "description": "Toxic in contact with skin",
        },
        {
          "code": "H314",
          "description": "Causes severe skin burns and eye damage",
        },
        {
          "code": "H331",
          "description": "Toxic if inhaled",
        },
        {
          "code": "H335",
          "description": "May cause respiratory irritation",
        },
      ],
      "reference": {
        "description": "The Hazardous Chemical Information System (HCIS) at the Safe Work Australia is a database of chemical classifications and workplace exposure standards. It allows users to find information on chemicals that have been classified in accordance with the GHS or which have an Australian Workplace Exposure Standard.",
        "name": "triethylamine",
        "sourceName": "Hazardous Chemical Information System (HCIS), Safe Work Australia",
        "url": "http://hcis.safeworkaustralia.gov.au/HazardousChemical/Details?chemicalID=4580",
      },
    },
    {
      "data": [
        {
          "code": "H225",
          "description": "Highly Flammable liquid and vapor",
        },
        {
          "code": "H302",
          "description": "Harmful if swallowed",
        },
        {
          "code": "H311",
          "description": "Toxic in contact with skin",
        },
        {
          "code": "H314",
          "description": "Causes severe skin burns and eye damage",
        },
        {
          "code": "H318",
          "description": "Causes serious eye damage",
        },
        {
          "code": "H331",
          "description": "Toxic if inhaled",
        },
        {
          "code": "H335",
          "description": "May cause respiratory irritation",
        },
        {
          "code": "H401",
          "description": "Toxic to aquatic life",
        },
      ],
      "reference": {
        "description": "The Hazardous Substances Data Bank (HSDB) is a toxicology database that focuses on the toxicology of potentially hazardous chemicals. It provides information on human exposure, industrial hygiene, emergency handling procedures, environmental fate, regulatory requirements, nanomaterials, and related areas. The information in HSDB has been assessed by a Scientific Review Panel.",
        "name": "TRIETHYLAMINE",
        "sourceName": "Hazardous Substances Data Bank (HSDB)",
        "url": "https://pubchem.ncbi.nlm.nih.gov/source/hsdb/896",
      },
    },
    {
      "data": [
        {
          "code": "H225",
          "description": "Highly Flammable liquid and vapor",
        },
        {
          "code": "H302",
          "description": "Harmful if swallowed",
        },
        {
          "code": "H311",
          "description": "Toxic in contact with skin",
        },
        {
          "code": "H314",
          "description": "Causes severe skin burns and eye damage",
        },
        {
          "code": "H318",
          "description": "Causes serious eye damage",
        },
        {
          "code": "H332",
          "description": "Harmful if inhaled",
        },
        {
          "code": "H335",
          "description": "May cause respiratory irritation",
        },
        {
          "code": "H370",
          "description": "Causes damage to organs",
        },
        {
          "code": "H373",
          "description": "May causes damage to organs through prolonged or repeated exposure",
        },
        {
          "code": "H401",
          "description": "Toxic to aquatic life",
        },
        {
          "code": "H412",
          "description": "Harmful to aquatic life with long lasting effects",
        },
      ],
      "reference": {
        "description": "The chemical classification in this section was conducted by the Chemical Management Center (CMC) of Japan National Institute of Technology and Evaluation (NITE) in accordance with GHS Classification Guidance for the Japanese Government, and is intended to provide a reference for preparing GHS labelling and SDS for users.",
        "name": "Triethylamine - FY2016",
        "sourceName": "NITE-CMC",
        "url": "https://www.nite.go.jp/chem/english/ghs/16-mhlw-0118e.html",
      },
    },
    {
      "data": [
        {
          "code": "H225",
          "description": "Highly Flammable liquid and vapor",
        },
        {
          "code": "H302",
          "description": "Harmful if swallowed",
        },
        {
          "code": "H311",
          "description": "Toxic in contact with skin",
        },
        {
          "code": "H314",
          "description": "Causes severe skin burns and eye damage",
        },
        {
          "code": "H318",
          "description": "Causes serious eye damage",
        },
        {
          "code": "H331",
          "description": "Toxic if inhaled",
        },
        {
          "code": "H370",
          "description": "Causes damage to organs",
        },
        {
          "code": "H372",
          "description": "Causes damage to organs through prolonged or repeated exposure",
        },
      ],
      "reference": {
        "description": "The chemical classification in this section was conducted by the Chemical Management Center (CMC) of Japan National Institute of Technology and Evaluation (NITE) in accordance with GHS Classification Guidance for the Japanese Government, and is intended to provide a reference for preparing GHS labelling and SDS for users.",
        "name": "Triethylamine - FY2006",
        "sourceName": "NITE-CMC",
        "url": "https://www.nite.go.jp/chem/english/ghs/06-imcg-0845e.html",
      },
    },
  ],
  "pStatements": [
    {
      "data": [
        {
          "code": "P210",
          "description": "Keep away from heat, hot surface, sparks, open flames and other ignition sources. No smoking.",
        },
        {
          "code": "P233",
          "description": "Keep container tightly closed.",
        },
        {
          "code": "P240",
          "description": "Ground/bond container and receiving equipment.",
        },
        {
          "code": "P241",
          "description": "Use explosion-proof [electrical/ventilating/lighting/.../] equipment.",
        },
        {
          "code": "P242",
          "description": "Use only non-sparking tools.",
        },
        {
          "code": "P243",
          "description": "Take precautionary measures against static discharge.",
        },
        {
          "code": "P260",
          "description": "Do not breathe dust/fume/gas/mist/vapors/spray.",
        },
        {
          "code": "P261",
          "description": "Avoid breathing dust/fume/gas/mist/vapors/spray.",
        },
        {
          "code": "P264",
          "description": "Wash hands [and ...] thoroughly after handling.",
        },
        {
          "code": "P270",
          "description": "Do not eat, drink or smoke when using this product.",
        },
        {
          "code": "P271",
          "description": "Use only outdoors or in a well-ventilated area.",
        },
        {
          "code": "P280",
          "description": "Wear protective gloves/protective clothing/eye protection/face protection/hearing protection/...",
        },
        {
          "code": "P301+P312",
          "description": "(Deleted) IF SWALLOWED: call a POISON CENTER/doctor/... IF you feel unwell.",
        },
        {
          "code": "P301+P330+P331",
          "description": "IF SWALLOWED: Rinse mouth. Do NOT induce vomiting.",
        },
        {
          "code": "P302+P352",
          "description": "IF ON SKIN: wash with plenty of water/...",
        },
        {
          "code": "P303+P361+P353",
          "description": "IF ON SKIN (or hair): Take off Immediately all contaminated clothing. Rinse SKIN with water [or shower].",
        },
        {
          "code": "P304+P312",
          "description": "(Deleted) IF INHALED: Call a POISON CENTER/doctor/... if you feel unwell.",
        },
        {
          "code": "P304+P340",
          "description": "IF INHALED: Remove person to fresh air and keep comfortable for breathing.",
        },
        {
          "code": "P305+P351+P338",
          "description": "IF IN EYES: Rinse cautiously with water for several minutes. Remove contact lenses if present and easy to do - continue rinsing.",
        },
        {
          "code": "P310",
          "description": "(Deleted) Immediately call a POISON CENTER or doctor/physician.",
        },
        {
          "code": "P312",
          "description": "(Deleted) Call a POISON CENTER or doctor/... if you feel unwell.",
        },
        {
          "code": "P321",
          "description": "Specific treatment (see ... on this label).",
        },
        {
          "code": "P322",
          "description": "(Deleted) Specific measures (see ...on this label).",
        },
        {
          "code": "P330",
          "description": "Rinse mouth.",
        },
        {
          "code": "P363",
          "description": "Wash contaminated clothing before reuse.",
        },
        {
          "code": "P370+P378",
          "description": "In case of fire: Use ... to extinguish.",
        },
        {
          "code": "P403+P235",
          "description": "Store in a well-ventilated place. Keep cool.",
        },
        {
          "code": "P405",
          "description": "Store locked up.",
        },
        {
          "code": "P501",
          "description": "Dispose of contents/container to ...",
        },
      ],
      "reference": {
        "description": "Regulation (EC) No 1272/2008 of the European Parliament and of the Council of 16 December 2008 on classification, labelling and packaging of substances and mixtures.",
        "name": "triethylamine",
        "sourceName": "EU REGULATION (EC) No 1272/2008",
        "url": "https://eur-lex.europa.eu/legal-content/EN/TXT/?uri=CELEX%3A32008R1272",
      },
    },
    {
      "data": [
        {
          "code": "P210",
          "description": "Keep away from heat, hot surface, sparks, open flames and other ignition sources. No smoking.",
        },
        {
          "code": "P233",
          "description": "Keep container tightly closed.",
        },
        {
          "code": "P240",
          "description": "Ground/bond container and receiving equipment.",
        },
        {
          "code": "P241",
          "description": "Use explosion-proof [electrical/ventilating/lighting/.../] equipment.",
        },
        {
          "code": "P242",
          "description": "Use only non-sparking tools.",
        },
        {
          "code": "P243",
          "description": "Take precautionary measures against static discharge.",
        },
        {
          "code": "P260",
          "description": "Do not breathe dust/fume/gas/mist/vapors/spray.",
        },
        {
          "code": "P261",
          "description": "Avoid breathing dust/fume/gas/mist/vapors/spray.",
        },
        {
          "code": "P264",
          "description": "Wash hands [and ...] thoroughly after handling.",
        },
        {
          "code": "P270",
          "description": "Do not eat, drink or smoke when using this product.",
        },
        {
          "code": "P271",
          "description": "Use only outdoors or in a well-ventilated area.",
        },
        {
          "code": "P280",
          "description": "Wear protective gloves/protective clothing/eye protection/face protection/hearing protection/...",
        },
        {
          "code": "P301+P312",
          "description": "(Deleted) IF SWALLOWED: call a POISON CENTER/doctor/... IF you feel unwell.",
        },
        {
          "code": "P301+P330+P331",
          "description": "IF SWALLOWED: Rinse mouth. Do NOT induce vomiting.",
        },
        {
          "code": "P302+P352",
          "description": "IF ON SKIN: wash with plenty of water/...",
        },
        {
          "code": "P303+P361+P353",
          "description": "IF ON SKIN (or hair): Take off Immediately all contaminated clothing. Rinse SKIN with water [or shower].",
        },
        {
          "code": "P304+P312",
          "description": "(Deleted) IF INHALED: Call a POISON CENTER/doctor/... if you feel unwell.",
        },
        {
          "code": "P304+P340",
          "description": "IF INHALED: Remove person to fresh air and keep comfortable for breathing.",
        },
        {
          "code": "P305+P351+P338",
          "description": "IF IN EYES: Rinse cautiously with water for several minutes. Remove contact lenses if present and easy to do - continue rinsing.",
        },
        {
          "code": "P310",
          "description": "(Deleted) Immediately call a POISON CENTER or doctor/physician.",
        },
        {
          "code": "P311",
          "description": "(Deleted) Call a POISON CENTER or doctor/...",
        },
        {
          "code": "P312",
          "description": "(Deleted) Call a POISON CENTER or doctor/... if you feel unwell.",
        },
        {
          "code": "P321",
          "description": "Specific treatment (see ... on this label).",
        },
        {
          "code": "P322",
          "description": "(Deleted) Specific measures (see ...on this label).",
        },
        {
          "code": "P330",
          "description": "Rinse mouth.",
        },
        {
          "code": "P361",
          "description": "Take off immediately all contaminated clothing.",
        },
        {
          "code": "P363",
          "description": "Wash contaminated clothing before reuse.",
        },
        {
          "code": "P370+P378",
          "description": "In case of fire: Use ... to extinguish.",
        },
        {
          "code": "P403+P233",
          "description": "Store in a well-ventilated place. Keep container tightly closed.",
        },
        {
          "code": "P403+P235",
          "description": "Store in a well-ventilated place. Keep cool.",
        },
        {
          "code": "P405",
          "description": "Store locked up.",
        },
        {
          "code": "P501",
          "description": "Dispose of contents/container to ...",
        },
      ],
      "reference": {
        "description": "The information provided here is aggregated from the \\"Notified classification and labelling\\" from ECHA's C&L Inventory. Read more: https://echa.europa.eu/information-on-chemicals/cl-inventory-database",
        "name": "Triethylamine",
        "sourceName": "European Chemicals Agency (ECHA)",
        "url": "https://echa.europa.eu/information-on-chemicals/cl-inventory-database/-/discli/details/127374",
      },
    },
    {
      "data": [
        {
          "code": "P210",
          "description": "Keep away from heat, hot surface, sparks, open flames and other ignition sources. No smoking.",
        },
        {
          "code": "P233",
          "description": "Keep container tightly closed.",
        },
        {
          "code": "P240",
          "description": "Ground/bond container and receiving equipment.",
        },
        {
          "code": "P241",
          "description": "Use explosion-proof [electrical/ventilating/lighting/.../] equipment.",
        },
        {
          "code": "P242",
          "description": "Use only non-sparking tools.",
        },
        {
          "code": "P243",
          "description": "Take precautionary measures against static discharge.",
        },
        {
          "code": "P260",
          "description": "Do not breathe dust/fume/gas/mist/vapors/spray.",
        },
        {
          "code": "P261",
          "description": "Avoid breathing dust/fume/gas/mist/vapors/spray.",
        },
        {
          "code": "P264",
          "description": "Wash hands [and ...] thoroughly after handling.",
        },
        {
          "code": "P270",
          "description": "Do not eat, drink or smoke when using this product.",
        },
        {
          "code": "P271",
          "description": "Use only outdoors or in a well-ventilated area.",
        },
        {
          "code": "P280",
          "description": "Wear protective gloves/protective clothing/eye protection/face protection/hearing protection/...",
        },
        {
          "code": "P301+P312",
          "description": "(Deleted) IF SWALLOWED: call a POISON CENTER/doctor/... IF you feel unwell.",
        },
        {
          "code": "P301+P330+P331",
          "description": "IF SWALLOWED: Rinse mouth. Do NOT induce vomiting.",
        },
        {
          "code": "P302+P352",
          "description": "IF ON SKIN: wash with plenty of water/...",
        },
        {
          "code": "P303+P361+P353",
          "description": "IF ON SKIN (or hair): Take off Immediately all contaminated clothing. Rinse SKIN with water [or shower].",
        },
        {
          "code": "P304+P340",
          "description": "IF INHALED: Remove person to fresh air and keep comfortable for breathing.",
        },
        {
          "code": "P305+P351+P338",
          "description": "IF IN EYES: Rinse cautiously with water for several minutes. Remove contact lenses if present and easy to do - continue rinsing.",
        },
        {
          "code": "P310",
          "description": "(Deleted) Immediately call a POISON CENTER or doctor/physician.",
        },
        {
          "code": "P311",
          "description": "(Deleted) Call a POISON CENTER or doctor/...",
        },
        {
          "code": "P312",
          "description": "(Deleted) Call a POISON CENTER or doctor/... if you feel unwell.",
        },
        {
          "code": "P321",
          "description": "Specific treatment (see ... on this label).",
        },
        {
          "code": "P322",
          "description": "(Deleted) Specific measures (see ...on this label).",
        },
        {
          "code": "P330",
          "description": "Rinse mouth.",
        },
        {
          "code": "P361",
          "description": "Take off immediately all contaminated clothing.",
        },
        {
          "code": "P363",
          "description": "Wash contaminated clothing before reuse.",
        },
        {
          "code": "P370+P378",
          "description": "In case of fire: Use ... to extinguish.",
        },
        {
          "code": "P403+P233",
          "description": "Store in a well-ventilated place. Keep container tightly closed.",
        },
        {
          "code": "P403+P235",
          "description": "Store in a well-ventilated place. Keep cool.",
        },
        {
          "code": "P405",
          "description": "Store locked up.",
        },
        {
          "code": "P501",
          "description": "Dispose of contents/container to ...",
        },
      ],
      "reference": {
        "description": "The Hazardous Chemical Information System (HCIS) at the Safe Work Australia is a database of chemical classifications and workplace exposure standards. It allows users to find information on chemicals that have been classified in accordance with the GHS or which have an Australian Workplace Exposure Standard.",
        "name": "triethylamine",
        "sourceName": "Hazardous Chemical Information System (HCIS), Safe Work Australia",
        "url": "http://hcis.safeworkaustralia.gov.au/HazardousChemical/Details?chemicalID=4580",
      },
    },
    {
      "data": [
        {
          "code": "P210",
          "description": "Keep away from heat, hot surface, sparks, open flames and other ignition sources. No smoking.",
        },
        {
          "code": "P233",
          "description": "Keep container tightly closed.",
        },
        {
          "code": "P240",
          "description": "Ground/bond container and receiving equipment.",
        },
        {
          "code": "P241",
          "description": "Use explosion-proof [electrical/ventilating/lighting/.../] equipment.",
        },
        {
          "code": "P242",
          "description": "Use only non-sparking tools.",
        },
        {
          "code": "P243",
          "description": "Take precautionary measures against static discharge.",
        },
        {
          "code": "P260",
          "description": "Do not breathe dust/fume/gas/mist/vapors/spray.",
        },
        {
          "code": "P261",
          "description": "Avoid breathing dust/fume/gas/mist/vapors/spray.",
        },
        {
          "code": "P264",
          "description": "Wash hands [and ...] thoroughly after handling.",
        },
        {
          "code": "P270",
          "description": "Do not eat, drink or smoke when using this product.",
        },
        {
          "code": "P271",
          "description": "Use only outdoors or in a well-ventilated area.",
        },
        {
          "code": "P273",
          "description": "Avoid release to the environment.",
        },
        {
          "code": "P280",
          "description": "Wear protective gloves/protective clothing/eye protection/face protection/hearing protection/...",
        },
        {
          "code": "P301+P312",
          "description": "(Deleted) IF SWALLOWED: call a POISON CENTER/doctor/... IF you feel unwell.",
        },
        {
          "code": "P301+P330+P331",
          "description": "IF SWALLOWED: Rinse mouth. Do NOT induce vomiting.",
        },
        {
          "code": "P302+P352",
          "description": "IF ON SKIN: wash with plenty of water/...",
        },
        {
          "code": "P303+P361+P353",
          "description": "IF ON SKIN (or hair): Take off Immediately all contaminated clothing. Rinse SKIN with water [or shower].",
        },
        {
          "code": "P304+P340",
          "description": "IF INHALED: Remove person to fresh air and keep comfortable for breathing.",
        },
        {
          "code": "P305+P351+P338",
          "description": "IF IN EYES: Rinse cautiously with water for several minutes. Remove contact lenses if present and easy to do - continue rinsing.",
        },
        {
          "code": "P310",
          "description": "(Deleted) Immediately call a POISON CENTER or doctor/physician.",
        },
        {
          "code": "P311",
          "description": "(Deleted) Call a POISON CENTER or doctor/...",
        },
        {
          "code": "P312",
          "description": "(Deleted) Call a POISON CENTER or doctor/... if you feel unwell.",
        },
        {
          "code": "P321",
          "description": "Specific treatment (see ... on this label).",
        },
        {
          "code": "P322",
          "description": "(Deleted) Specific measures (see ...on this label).",
        },
        {
          "code": "P330",
          "description": "Rinse mouth.",
        },
        {
          "code": "P361",
          "description": "Take off immediately all contaminated clothing.",
        },
        {
          "code": "P363",
          "description": "Wash contaminated clothing before reuse.",
        },
        {
          "code": "P370+P378",
          "description": "In case of fire: Use ... to extinguish.",
        },
        {
          "code": "P403+P233",
          "description": "Store in a well-ventilated place. Keep container tightly closed.",
        },
        {
          "code": "P403+P235",
          "description": "Store in a well-ventilated place. Keep cool.",
        },
        {
          "code": "P405",
          "description": "Store locked up.",
        },
        {
          "code": "P501",
          "description": "Dispose of contents/container to ...",
        },
      ],
      "reference": {
        "description": "The Hazardous Substances Data Bank (HSDB) is a toxicology database that focuses on the toxicology of potentially hazardous chemicals. It provides information on human exposure, industrial hygiene, emergency handling procedures, environmental fate, regulatory requirements, nanomaterials, and related areas. The information in HSDB has been assessed by a Scientific Review Panel.",
        "name": "TRIETHYLAMINE",
        "sourceName": "Hazardous Substances Data Bank (HSDB)",
        "url": "https://pubchem.ncbi.nlm.nih.gov/source/hsdb/896",
      },
    },
    {
      "data": [
        {
          "code": "P210",
          "description": "Keep away from heat, hot surface, sparks, open flames and other ignition sources. No smoking.",
        },
        {
          "code": "P233",
          "description": "Keep container tightly closed.",
        },
        {
          "code": "P240",
          "description": "Ground/bond container and receiving equipment.",
        },
        {
          "code": "P241",
          "description": "Use explosion-proof [electrical/ventilating/lighting/.../] equipment.",
        },
        {
          "code": "P242",
          "description": "Use only non-sparking tools.",
        },
        {
          "code": "P243",
          "description": "Take precautionary measures against static discharge.",
        },
        {
          "code": "P260",
          "description": "Do not breathe dust/fume/gas/mist/vapors/spray.",
        },
        {
          "code": "P261",
          "description": "Avoid breathing dust/fume/gas/mist/vapors/spray.",
        },
        {
          "code": "P264",
          "description": "Wash hands [and ...] thoroughly after handling.",
        },
        {
          "code": "P270",
          "description": "Do not eat, drink or smoke when using this product.",
        },
        {
          "code": "P271",
          "description": "Use only outdoors or in a well-ventilated area.",
        },
        {
          "code": "P273",
          "description": "Avoid release to the environment.",
        },
        {
          "code": "P280",
          "description": "Wear protective gloves/protective clothing/eye protection/face protection/hearing protection/...",
        },
        {
          "code": "P301+P312",
          "description": "(Deleted) IF SWALLOWED: call a POISON CENTER/doctor/... IF you feel unwell.",
        },
        {
          "code": "P301+P330+P331",
          "description": "IF SWALLOWED: Rinse mouth. Do NOT induce vomiting.",
        },
        {
          "code": "P302+P352",
          "description": "IF ON SKIN: wash with plenty of water/...",
        },
        {
          "code": "P303+P361+P353",
          "description": "IF ON SKIN (or hair): Take off Immediately all contaminated clothing. Rinse SKIN with water [or shower].",
        },
        {
          "code": "P304+P312",
          "description": "(Deleted) IF INHALED: Call a POISON CENTER/doctor/... if you feel unwell.",
        },
        {
          "code": "P304+P340",
          "description": "IF INHALED: Remove person to fresh air and keep comfortable for breathing.",
        },
        {
          "code": "P305+P351+P338",
          "description": "IF IN EYES: Rinse cautiously with water for several minutes. Remove contact lenses if present and easy to do - continue rinsing.",
        },
        {
          "code": "P307+P311",
          "description": "(Deleted) IF exposed: call a POISON CENTER or doctor/physician.",
        },
        {
          "code": "P310",
          "description": "(Deleted) Immediately call a POISON CENTER or doctor/physician.",
        },
        {
          "code": "P312",
          "description": "(Deleted) Call a POISON CENTER or doctor/... if you feel unwell.",
        },
        {
          "code": "P314",
          "description": "(Deleted) Get medical advice/attention if you feel unwell.",
        },
        {
          "code": "P321",
          "description": "Specific treatment (see ... on this label).",
        },
        {
          "code": "P322",
          "description": "(Deleted) Specific measures (see ...on this label).",
        },
        {
          "code": "P330",
          "description": "Rinse mouth.",
        },
        {
          "code": "P361",
          "description": "Take off immediately all contaminated clothing.",
        },
        {
          "code": "P363",
          "description": "Wash contaminated clothing before reuse.",
        },
        {
          "code": "P370+P378",
          "description": "In case of fire: Use ... to extinguish.",
        },
        {
          "code": "P403+P233",
          "description": "Store in a well-ventilated place. Keep container tightly closed.",
        },
        {
          "code": "P403+P235",
          "description": "Store in a well-ventilated place. Keep cool.",
        },
        {
          "code": "P405",
          "description": "Store locked up.",
        },
        {
          "code": "P501",
          "description": "Dispose of contents/container to ...",
        },
      ],
      "reference": {
        "description": "The chemical classification in this section was conducted by the Chemical Management Center (CMC) of Japan National Institute of Technology and Evaluation (NITE) in accordance with GHS Classification Guidance for the Japanese Government, and is intended to provide a reference for preparing GHS labelling and SDS for users.",
        "name": "Triethylamine - FY2016",
        "sourceName": "NITE-CMC",
        "url": "https://www.nite.go.jp/chem/english/ghs/16-mhlw-0118e.html",
      },
    },
    {
      "data": [
        {
          "code": "P210",
          "description": "Keep away from heat, hot surface, sparks, open flames and other ignition sources. No smoking.",
        },
        {
          "code": "P233",
          "description": "Keep container tightly closed.",
        },
        {
          "code": "P240",
          "description": "Ground/bond container and receiving equipment.",
        },
        {
          "code": "P241",
          "description": "Use explosion-proof [electrical/ventilating/lighting/.../] equipment.",
        },
        {
          "code": "P242",
          "description": "Use only non-sparking tools.",
        },
        {
          "code": "P243",
          "description": "Take precautionary measures against static discharge.",
        },
        {
          "code": "P260",
          "description": "Do not breathe dust/fume/gas/mist/vapors/spray.",
        },
        {
          "code": "P261",
          "description": "Avoid breathing dust/fume/gas/mist/vapors/spray.",
        },
        {
          "code": "P264",
          "description": "Wash hands [and ...] thoroughly after handling.",
        },
        {
          "code": "P270",
          "description": "Do not eat, drink or smoke when using this product.",
        },
        {
          "code": "P271",
          "description": "Use only outdoors or in a well-ventilated area.",
        },
        {
          "code": "P280",
          "description": "Wear protective gloves/protective clothing/eye protection/face protection/hearing protection/...",
        },
        {
          "code": "P301+P312",
          "description": "(Deleted) IF SWALLOWED: call a POISON CENTER/doctor/... IF you feel unwell.",
        },
        {
          "code": "P301+P330+P331",
          "description": "IF SWALLOWED: Rinse mouth. Do NOT induce vomiting.",
        },
        {
          "code": "P302+P352",
          "description": "IF ON SKIN: wash with plenty of water/...",
        },
        {
          "code": "P303+P361+P353",
          "description": "IF ON SKIN (or hair): Take off Immediately all contaminated clothing. Rinse SKIN with water [or shower].",
        },
        {
          "code": "P304+P340",
          "description": "IF INHALED: Remove person to fresh air and keep comfortable for breathing.",
        },
        {
          "code": "P305+P351+P338",
          "description": "IF IN EYES: Rinse cautiously with water for several minutes. Remove contact lenses if present and easy to do - continue rinsing.",
        },
        {
          "code": "P307+P311",
          "description": "(Deleted) IF exposed: call a POISON CENTER or doctor/physician.",
        },
        {
          "code": "P310",
          "description": "(Deleted) Immediately call a POISON CENTER or doctor/physician.",
        },
        {
          "code": "P311",
          "description": "(Deleted) Call a POISON CENTER or doctor/...",
        },
        {
          "code": "P312",
          "description": "(Deleted) Call a POISON CENTER or doctor/... if you feel unwell.",
        },
        {
          "code": "P314",
          "description": "(Deleted) Get medical advice/attention if you feel unwell.",
        },
        {
          "code": "P321",
          "description": "Specific treatment (see ... on this label).",
        },
        {
          "code": "P322",
          "description": "(Deleted) Specific measures (see ...on this label).",
        },
        {
          "code": "P330",
          "description": "Rinse mouth.",
        },
        {
          "code": "P361",
          "description": "Take off immediately all contaminated clothing.",
        },
        {
          "code": "P363",
          "description": "Wash contaminated clothing before reuse.",
        },
        {
          "code": "P370+P378",
          "description": "In case of fire: Use ... to extinguish.",
        },
        {
          "code": "P403+P233",
          "description": "Store in a well-ventilated place. Keep container tightly closed.",
        },
        {
          "code": "P403+P235",
          "description": "Store in a well-ventilated place. Keep cool.",
        },
        {
          "code": "P405",
          "description": "Store locked up.",
        },
        {
          "code": "P501",
          "description": "Dispose of contents/container to ...",
        },
      ],
      "reference": {
        "description": "The chemical classification in this section was conducted by the Chemical Management Center (CMC) of Japan National Institute of Technology and Evaluation (NITE) in accordance with GHS Classification Guidance for the Japanese Government, and is intended to provide a reference for preparing GHS labelling and SDS for users.",
        "name": "Triethylamine - FY2006",
        "sourceName": "NITE-CMC",
        "url": "https://www.nite.go.jp/chem/english/ghs/06-imcg-0845e.html",
      },
    },
  ],
  "pictograms": [
    {
      "data": [
        {
          "code": "GHS02",
          "description": "Flammable",
        },
        {
          "code": "GHS05",
          "description": "Corrosive",
        },
        {
          "code": "GHS07",
          "description": "Harmful Irritant",
        },
      ],
      "reference": {
        "description": "Regulation (EC) No 1272/2008 of the European Parliament and of the Council of 16 December 2008 on classification, labelling and packaging of substances and mixtures.",
        "name": "triethylamine",
        "sourceName": "EU REGULATION (EC) No 1272/2008",
        "url": "https://eur-lex.europa.eu/legal-content/EN/TXT/?uri=CELEX%3A32008R1272",
      },
    },
    {
      "data": [
        {
          "code": "GHS02",
          "description": "Flammable",
        },
        {
          "code": "GHS05",
          "description": "Corrosive",
        },
        {
          "code": "GHS06",
          "description": "Toxic",
        },
        {
          "code": "GHS07",
          "description": "Harmful Irritant",
        },
      ],
      "reference": {
        "description": "The information provided here is aggregated from the \\"Notified classification and labelling\\" from ECHA's C&L Inventory. Read more: https://echa.europa.eu/information-on-chemicals/cl-inventory-database",
        "name": "Triethylamine",
        "sourceName": "European Chemicals Agency (ECHA)",
        "url": "https://echa.europa.eu/information-on-chemicals/cl-inventory-database/-/discli/details/127374",
      },
    },
    {
      "data": [
        {
          "code": "GHS02",
          "description": "Flammable",
        },
        {
          "code": "GHS05",
          "description": "Corrosive",
        },
        {
          "code": "GHS06",
          "description": "Toxic",
        },
        {
          "code": "GHS07",
          "description": "Harmful Irritant",
        },
      ],
      "reference": {
        "description": "The Hazardous Chemical Information System (HCIS) at the Safe Work Australia is a database of chemical classifications and workplace exposure standards. It allows users to find information on chemicals that have been classified in accordance with the GHS or which have an Australian Workplace Exposure Standard.",
        "name": "triethylamine",
        "sourceName": "Hazardous Chemical Information System (HCIS), Safe Work Australia",
        "url": "http://hcis.safeworkaustralia.gov.au/HazardousChemical/Details?chemicalID=4580",
      },
    },
    {
      "data": [
        {
          "code": "GHS02",
          "description": "Flammable",
        },
        {
          "code": "GHS05",
          "description": "Corrosive",
        },
        {
          "code": "GHS06",
          "description": "Toxic",
        },
        {
          "code": "GHS07",
          "description": "Harmful Irritant",
        },
      ],
      "reference": {
        "description": "The Hazardous Substances Data Bank (HSDB) is a toxicology database that focuses on the toxicology of potentially hazardous chemicals. It provides information on human exposure, industrial hygiene, emergency handling procedures, environmental fate, regulatory requirements, nanomaterials, and related areas. The information in HSDB has been assessed by a Scientific Review Panel.",
        "name": "TRIETHYLAMINE",
        "sourceName": "Hazardous Substances Data Bank (HSDB)",
        "url": "https://pubchem.ncbi.nlm.nih.gov/source/hsdb/896",
      },
    },
    {
      "data": [
        {
          "code": "GHS02",
          "description": "Flammable",
        },
        {
          "code": "GHS05",
          "description": "Corrosive",
        },
        {
          "code": "GHS06",
          "description": "Toxic",
        },
        {
          "code": "GHS07",
          "description": "Harmful Irritant",
        },
        {
          "code": "GHS08",
          "description": "Health Hazard",
        },
      ],
      "reference": {
        "description": "The chemical classification in this section was conducted by the Chemical Management Center (CMC) of Japan National Institute of Technology and Evaluation (NITE) in accordance with GHS Classification Guidance for the Japanese Government, and is intended to provide a reference for preparing GHS labelling and SDS for users.",
        "name": "Triethylamine - FY2016",
        "sourceName": "NITE-CMC",
        "url": "https://www.nite.go.jp/chem/english/ghs/16-mhlw-0118e.html",
      },
    },
    {
      "data": [
        {
          "code": "GHS02",
          "description": "Flammable",
        },
        {
          "code": "GHS05",
          "description": "Corrosive",
        },
        {
          "code": "GHS06",
          "description": "Toxic",
        },
        {
          "code": "GHS07",
          "description": "Harmful Irritant",
        },
        {
          "code": "GHS08",
          "description": "Health Hazard",
        },
      ],
      "reference": {
        "description": "The chemical classification in this section was conducted by the Chemical Management Center (CMC) of Japan National Institute of Technology and Evaluation (NITE) in accordance with GHS Classification Guidance for the Japanese Government, and is intended to provide a reference for preparing GHS labelling and SDS for users.",
        "name": "Triethylamine - FY2006",
        "sourceName": "NITE-CMC",
        "url": "https://www.nite.go.jp/chem/english/ghs/06-imcg-0845e.html",
      },
    },
  ],
}
`;
