// Vitest Snapshot v1, https://vitest.dev/guide/snapshot.html

exports[`getGHS > triethylamine 1`] = `
{
  "hStatements": [
    {
      "data": [
        {
          "code": "H225",
          "description": "Highly Flammable liquid and vapor",
        },
        {
          "code": "H302",
          "description": "Harmful if swallowed",
        },
        {
          "code": "H311",
          "description": "Toxic in contact with skin",
        },
        {
          "code": "H312",
          "description": "Harmful in contact with skin",
        },
        {
          "code": "H314",
          "description": "Causes severe skin burns and eye damage",
        },
        {
          "code": "H318",
          "description": "Causes serious eye damage",
        },
        {
          "code": "H331",
          "description": "Toxic if inhaled",
        },
        {
          "code": "H332",
          "description": "Harmful if inhaled",
        },
        {
          "code": "H335",
          "description": "May cause respiratory irritation",
        },
      ],
      "reference": {
        "description": "The information provided here is aggregated from the "Notified classification and labelling" from ECHA's C&L Inventory. Read more: https://echa.europa.eu/information-on-chemicals/cl-inventory-database",
        "name": "Triethylamine (EC: 204-469-4)",
        "sourceName": "European Chemicals Agency (ECHA)",
        "url": "https://echa.europa.eu/information-on-chemicals/cl-inventory-database/-/discli/details/127374",
      },
    },
    {
      "data": [
        {
          "code": "H225",
          "description": "Highly Flammable liquid and vapor",
        },
        {
          "code": "H302",
          "description": "Harmful if swallowed",
        },
        {
          "code": "H311",
          "description": "Toxic in contact with skin",
        },
        {
          "code": "H314",
          "description": "Causes severe skin burns and eye damage",
        },
        {
          "code": "H331",
          "description": "Toxic if inhaled",
        },
        {
          "code": "H335",
          "description": "May cause respiratory irritation",
        },
      ],
      "reference": {
        "description": "The Hazardous Chemical Information System (HCIS) at the Safe Work Australia is a database of chemical classifications and workplace exposure standards. It allows users to find information on chemicals that have been classified in accordance with the GHS or which have an Australian Workplace Exposure Standard.",
        "name": "triethylamine",
        "sourceName": "Hazardous Chemical Information System (HCIS), Safe Work Australia",
        "url": "http://hcis.safeworkaustralia.gov.au/HazardousChemical/Details?chemicalID=4580",
      },
    },
    {
      "data": [
        {
          "code": "H225",
          "description": "Highly Flammable liquid and vapor",
        },
        {
          "code": "H302",
          "description": "Harmful if swallowed",
        },
        {
          "code": "H311",
          "description": "Toxic in contact with skin",
        },
        {
          "code": "H314",
          "description": "Causes severe skin burns and eye damage",
        },
        {
          "code": "H318",
          "description": "Causes serious eye damage",
        },
        {
          "code": "H331",
          "description": "Toxic if inhaled",
        },
        {
          "code": "H335",
          "description": "May cause respiratory irritation",
        },
        {
          "code": "H401",
          "description": "Toxic to aquatic life",
        },
      ],
      "reference": {
        "description": "The Hazardous Substances Data Bank (HSDB) is a toxicology database that focuses on the toxicology of potentially hazardous chemicals. It provides information on human exposure, industrial hygiene, emergency handling procedures, environmental fate, regulatory requirements, nanomaterials, and related areas. The information in HSDB has been assessed by a Scientific Review Panel.",
        "name": "TRIETHYLAMINE",
        "sourceName": "Hazardous Substances Data Bank (HSDB)",
        "url": "https://pubchem.ncbi.nlm.nih.gov/source/hsdb/896",
      },
    },
    {
      "data": [
        {
          "code": "H225",
          "description": "Highly Flammable liquid and vapor",
        },
        {
          "code": "H302",
          "description": "Harmful if swallowed",
        },
        {
          "code": "H311",
          "description": "Toxic in contact with skin",
        },
        {
          "code": "H314",
          "description": "Causes severe skin burns and eye damage",
        },
        {
          "code": "H318",
          "description": "Causes serious eye damage",
        },
        {
          "code": "H331",
          "description": "Toxic if inhaled",
        },
        {
          "code": "H370",
          "description": "Causes damage to organs",
        },
        {
          "code": "H372",
          "description": "Causes damage to organs through prolonged or repeated exposure",
        },
        {
          "code": "H401",
          "description": "Toxic to aquatic life",
        },
        {
          "code": "H411",
          "description": "Toxic to aquatic life with long lasting effects",
        },
      ],
      "reference": {
        "description": "The chemical classification in this section was conducted by the Chemical Management Center (CMC) of Japan National Institute of Technology and Evaluation (NITE) in accordance with GHS Classification Guidance for the Japanese Government, and is intended to provide a reference for preparing GHS labelling and SDS for users.",
        "name": "Triethylamine - FY2006 (New/original classication)",
        "sourceName": "NITE-CMC",
        "url": "https://www.chem-info.nite.go.jp/chem/english/ghs/06-imcg-0845e.html",
      },
    },
    {
      "data": [
        {
          "code": "H225",
          "description": "Highly Flammable liquid and vapor",
        },
        {
          "code": "H302",
          "description": "Harmful if swallowed",
        },
        {
          "code": "H311",
          "description": "Toxic in contact with skin",
        },
        {
          "code": "H314",
          "description": "Causes severe skin burns and eye damage",
        },
        {
          "code": "H318",
          "description": "Causes serious eye damage",
        },
        {
          "code": "H332",
          "description": "Harmful if inhaled",
        },
        {
          "code": "H335",
          "description": "May cause respiratory irritation",
        },
        {
          "code": "H370",
          "description": "Causes damage to organs",
        },
        {
          "code": "H373",
          "description": "May causes damage to organs through prolonged or repeated exposure",
        },
        {
          "code": "H401",
          "description": "Toxic to aquatic life",
        },
        {
          "code": "H412",
          "description": "Harmful to aquatic life with long lasting effects",
        },
      ],
      "reference": {
        "description": "The chemical classification in this section was conducted by the Chemical Management Center (CMC) of Japan National Institute of Technology and Evaluation (NITE) in accordance with GHS Classification Guidance for the Japanese Government, and is intended to provide a reference for preparing GHS labelling and SDS for users.",
        "name": "Triethylamine - FY2016 (Revised classification)",
        "sourceName": "NITE-CMC",
        "url": "https://www.chem-info.nite.go.jp/chem/english/ghs/16-mhlw-0118e.html",
      },
    },
    {
      "data": [
        {
          "code": "H225",
          "description": "Highly Flammable liquid and vapor",
        },
        {
          "code": "H301",
          "description": "Toxic if swallowed",
        },
        {
          "code": "H311",
          "description": "Toxic in contact with skin",
        },
        {
          "code": "H314",
          "description": "Causes severe skin burns and eye damage",
        },
        {
          "code": "H318",
          "description": "Causes serious eye damage",
        },
        {
          "code": "H331",
          "description": "Toxic if inhaled",
        },
      ],
      "reference": {
        "description": "Regulation (EC) No 1272/2008 of the European Parliament and of the Council of 16 December 2008 on classification, labelling and packaging of substances and mixtures.",
        "name": "triethylamine",
        "sourceName": "Regulation (EC) No 1272/2008 of the European Parliament and of the Council",
        "url": "https://eur-lex.europa.eu/eli/reg/2008/1272/oj",
      },
    },
  ],
  "pStatements": [
    {
      "data": [
        {
          "code": "P210",
          "description": "Keep away from heat, hot surface, sparks, open flames and other ignition sources. No smoking.",
        },
        {
          "code": "P233",
          "description": "Keep container tightly closed.",
        },
        {
          "code": "P240",
          "description": "Ground/bond container and receiving equipment.",
        },
        {
          "code": "P241",
          "description": "Use explosion-proof [electrical/ventilating/lighting/.../] equipment.",
        },
        {
          "code": "P242",
          "description": "Use only non-sparking tools.",
        },
        {
          "code": "P243",
          "description": "Take precautionary measures against static discharge.",
        },
        {
          "code": "P260",
          "description": "Do not breathe dust/fume/gas/mist/vapors/spray.",
        },
        {
          "code": "P261",
          "description": "Avoid breathing dust/fume/gas/mist/vapors/spray.",
        },
        {
          "code": "P262",
          "description": "Do not get in eyes, on skin, or on clothing.",
        },
        {
          "code": "P264",
          "description": "Wash hands [and ...] thoroughly after handling.",
        },
        {
          "code": "P264+P265",
          "description": "Wash hands [and ...] thoroughly after handling. Do not touch eyes.",
        },
        {
          "code": "P270",
          "description": "Do not eat, drink or smoke when using this product.",
        },
        {
          "code": "P271",
          "description": "Use only outdoors or in a well-ventilated area.",
        },
        {
          "code": "P280",
          "description": "Wear protective gloves/protective clothing/eye protection/face protection/hearing protection/...",
        },
        {
          "code": "P301+P317",
          "description": "IF SWALLOWED: Get medical help.",
        },
        {
          "code": "P301+P330+P331",
          "description": "IF SWALLOWED: Rinse mouth. Do NOT induce vomiting.",
        },
        {
          "code": "P302+P352",
          "description": "IF ON SKIN: wash with plenty of water/...",
        },
        {
          "code": "P302+P361+P354",
          "description": "IF ON SKIN: Take off Immediately all contaminated clothing. Immediately rinse with water for several minutes.",
        },
        {
          "code": "P303+P361+P353",
          "description": "IF ON SKIN (or hair): Take off Immediately all contaminated clothing. Rinse SKIN with water [or shower].",
        },
        {
          "code": "P304+P340",
          "description": "IF INHALED: Remove person to fresh air and keep comfortable for breathing.",
        },
        {
          "code": "P305+P354+P338",
          "description": "IF IN EYES: Immediately rinse with water for several minutes. Remove contact lenses if present and easy to do. Continue rinsing.",
        },
        {
          "code": "P316",
          "description": "Get emergency medical help immediately.",
        },
        {
          "code": "P317",
          "description": "Get emergency medical help.",
        },
        {
          "code": "P319",
          "description": "Get medical help if you feel unwell.",
        },
        {
          "code": "P321",
          "description": "Specific treatment (see ... on this label).",
        },
        {
          "code": "P330",
          "description": "Rinse mouth.",
        },
        {
          "code": "P361+P364",
          "description": "Take off immediately all contaminated clothing and wash it before reuse.",
        },
        {
          "code": "P362+P364",
          "description": "Take off contaminated clothing and wash it before reuse.",
        },
        {
          "code": "P363",
          "description": "Wash contaminated clothing before reuse.",
        },
        {
          "code": "P370+P378",
          "description": "In case of fire: Use ... to extinguish.",
        },
        {
          "code": "P403+P233",
          "description": "Store in a well-ventilated place. Keep container tightly closed.",
        },
        {
          "code": "P403+P235",
          "description": "Store in a well-ventilated place. Keep cool.",
        },
        {
          "code": "P405",
          "description": "Store locked up.",
        },
        {
          "code": "P501",
          "description": "Dispose of contents/container to ...",
        },
      ],
      "reference": {
        "description": "The information provided here is aggregated from the "Notified classification and labelling" from ECHA's C&L Inventory. Read more: https://echa.europa.eu/information-on-chemicals/cl-inventory-database",
        "name": "Triethylamine (EC: 204-469-4)",
        "sourceName": "European Chemicals Agency (ECHA)",
        "url": "https://echa.europa.eu/information-on-chemicals/cl-inventory-database/-/discli/details/127374",
      },
    },
    {
      "data": [
        {
          "code": "P210",
          "description": "Keep away from heat, hot surface, sparks, open flames and other ignition sources. No smoking.",
        },
        {
          "code": "P233",
          "description": "Keep container tightly closed.",
        },
        {
          "code": "P240",
          "description": "Ground/bond container and receiving equipment.",
        },
        {
          "code": "P241",
          "description": "Use explosion-proof [electrical/ventilating/lighting/.../] equipment.",
        },
        {
          "code": "P242",
          "description": "Use only non-sparking tools.",
        },
        {
          "code": "P243",
          "description": "Take precautionary measures against static discharge.",
        },
        {
          "code": "P260",
          "description": "Do not breathe dust/fume/gas/mist/vapors/spray.",
        },
        {
          "code": "P261",
          "description": "Avoid breathing dust/fume/gas/mist/vapors/spray.",
        },
        {
          "code": "P262",
          "description": "Do not get in eyes, on skin, or on clothing.",
        },
        {
          "code": "P264",
          "description": "Wash hands [and ...] thoroughly after handling.",
        },
        {
          "code": "P270",
          "description": "Do not eat, drink or smoke when using this product.",
        },
        {
          "code": "P271",
          "description": "Use only outdoors or in a well-ventilated area.",
        },
        {
          "code": "P280",
          "description": "Wear protective gloves/protective clothing/eye protection/face protection/hearing protection/...",
        },
        {
          "code": "P301+P317",
          "description": "IF SWALLOWED: Get medical help.",
        },
        {
          "code": "P301+P330+P331",
          "description": "IF SWALLOWED: Rinse mouth. Do NOT induce vomiting.",
        },
        {
          "code": "P302+P352",
          "description": "IF ON SKIN: wash with plenty of water/...",
        },
        {
          "code": "P302+P361+P354",
          "description": "IF ON SKIN: Take off Immediately all contaminated clothing. Immediately rinse with water for several minutes.",
        },
        {
          "code": "P303+P361+P353",
          "description": "IF ON SKIN (or hair): Take off Immediately all contaminated clothing. Rinse SKIN with water [or shower].",
        },
        {
          "code": "P304+P340",
          "description": "IF INHALED: Remove person to fresh air and keep comfortable for breathing.",
        },
        {
          "code": "P305+P354+P338",
          "description": "IF IN EYES: Immediately rinse with water for several minutes. Remove contact lenses if present and easy to do. Continue rinsing.",
        },
        {
          "code": "P316",
          "description": "Get emergency medical help immediately.",
        },
        {
          "code": "P319",
          "description": "Get medical help if you feel unwell.",
        },
        {
          "code": "P321",
          "description": "Specific treatment (see ... on this label).",
        },
        {
          "code": "P330",
          "description": "Rinse mouth.",
        },
        {
          "code": "P361+P364",
          "description": "Take off immediately all contaminated clothing and wash it before reuse.",
        },
        {
          "code": "P363",
          "description": "Wash contaminated clothing before reuse.",
        },
        {
          "code": "P370+P378",
          "description": "In case of fire: Use ... to extinguish.",
        },
        {
          "code": "P403+P233",
          "description": "Store in a well-ventilated place. Keep container tightly closed.",
        },
        {
          "code": "P403+P235",
          "description": "Store in a well-ventilated place. Keep cool.",
        },
        {
          "code": "P405",
          "description": "Store locked up.",
        },
        {
          "code": "P501",
          "description": "Dispose of contents/container to ...",
        },
      ],
      "reference": {
        "description": "The Hazardous Chemical Information System (HCIS) at the Safe Work Australia is a database of chemical classifications and workplace exposure standards. It allows users to find information on chemicals that have been classified in accordance with the GHS or which have an Australian Workplace Exposure Standard.",
        "name": "triethylamine",
        "sourceName": "Hazardous Chemical Information System (HCIS), Safe Work Australia",
        "url": "http://hcis.safeworkaustralia.gov.au/HazardousChemical/Details?chemicalID=4580",
      },
    },
    {
      "data": [
        {
          "code": "P210",
          "description": "Keep away from heat, hot surface, sparks, open flames and other ignition sources. No smoking.",
        },
        {
          "code": "P233",
          "description": "Keep container tightly closed.",
        },
        {
          "code": "P240",
          "description": "Ground/bond container and receiving equipment.",
        },
        {
          "code": "P241",
          "description": "Use explosion-proof [electrical/ventilating/lighting/.../] equipment.",
        },
        {
          "code": "P242",
          "description": "Use only non-sparking tools.",
        },
        {
          "code": "P243",
          "description": "Take precautionary measures against static discharge.",
        },
        {
          "code": "P260",
          "description": "Do not breathe dust/fume/gas/mist/vapors/spray.",
        },
        {
          "code": "P261",
          "description": "Avoid breathing dust/fume/gas/mist/vapors/spray.",
        },
        {
          "code": "P262",
          "description": "Do not get in eyes, on skin, or on clothing.",
        },
        {
          "code": "P264",
          "description": "Wash hands [and ...] thoroughly after handling.",
        },
        {
          "code": "P264+P265",
          "description": "Wash hands [and ...] thoroughly after handling. Do not touch eyes.",
        },
        {
          "code": "P270",
          "description": "Do not eat, drink or smoke when using this product.",
        },
        {
          "code": "P271",
          "description": "Use only outdoors or in a well-ventilated area.",
        },
        {
          "code": "P273",
          "description": "Avoid release to the environment.",
        },
        {
          "code": "P280",
          "description": "Wear protective gloves/protective clothing/eye protection/face protection/hearing protection/...",
        },
        {
          "code": "P301+P317",
          "description": "IF SWALLOWED: Get medical help.",
        },
        {
          "code": "P301+P330+P331",
          "description": "IF SWALLOWED: Rinse mouth. Do NOT induce vomiting.",
        },
        {
          "code": "P302+P352",
          "description": "IF ON SKIN: wash with plenty of water/...",
        },
        {
          "code": "P302+P361+P354",
          "description": "IF ON SKIN: Take off Immediately all contaminated clothing. Immediately rinse with water for several minutes.",
        },
        {
          "code": "P303+P361+P353",
          "description": "IF ON SKIN (or hair): Take off Immediately all contaminated clothing. Rinse SKIN with water [or shower].",
        },
        {
          "code": "P304+P340",
          "description": "IF INHALED: Remove person to fresh air and keep comfortable for breathing.",
        },
        {
          "code": "P305+P354+P338",
          "description": "IF IN EYES: Immediately rinse with water for several minutes. Remove contact lenses if present and easy to do. Continue rinsing.",
        },
        {
          "code": "P316",
          "description": "Get emergency medical help immediately.",
        },
        {
          "code": "P317",
          "description": "Get emergency medical help.",
        },
        {
          "code": "P319",
          "description": "Get medical help if you feel unwell.",
        },
        {
          "code": "P321",
          "description": "Specific treatment (see ... on this label).",
        },
        {
          "code": "P330",
          "description": "Rinse mouth.",
        },
        {
          "code": "P361+P364",
          "description": "Take off immediately all contaminated clothing and wash it before reuse.",
        },
        {
          "code": "P363",
          "description": "Wash contaminated clothing before reuse.",
        },
        {
          "code": "P370+P378",
          "description": "In case of fire: Use ... to extinguish.",
        },
        {
          "code": "P403+P233",
          "description": "Store in a well-ventilated place. Keep container tightly closed.",
        },
        {
          "code": "P403+P235",
          "description": "Store in a well-ventilated place. Keep cool.",
        },
        {
          "code": "P405",
          "description": "Store locked up.",
        },
        {
          "code": "P501",
          "description": "Dispose of contents/container to ...",
        },
      ],
      "reference": {
        "description": "The Hazardous Substances Data Bank (HSDB) is a toxicology database that focuses on the toxicology of potentially hazardous chemicals. It provides information on human exposure, industrial hygiene, emergency handling procedures, environmental fate, regulatory requirements, nanomaterials, and related areas. The information in HSDB has been assessed by a Scientific Review Panel.",
        "name": "TRIETHYLAMINE",
        "sourceName": "Hazardous Substances Data Bank (HSDB)",
        "url": "https://pubchem.ncbi.nlm.nih.gov/source/hsdb/896",
      },
    },
    {
      "data": [
        {
          "code": "P210",
          "description": "Keep away from heat, hot surface, sparks, open flames and other ignition sources. No smoking.",
        },
        {
          "code": "P233",
          "description": "Keep container tightly closed.",
        },
        {
          "code": "P240",
          "description": "Ground/bond container and receiving equipment.",
        },
        {
          "code": "P241",
          "description": "Use explosion-proof [electrical/ventilating/lighting/.../] equipment.",
        },
        {
          "code": "P242",
          "description": "Use only non-sparking tools.",
        },
        {
          "code": "P243",
          "description": "Take precautionary measures against static discharge.",
        },
        {
          "code": "P260",
          "description": "Do not breathe dust/fume/gas/mist/vapors/spray.",
        },
        {
          "code": "P261",
          "description": "Avoid breathing dust/fume/gas/mist/vapors/spray.",
        },
        {
          "code": "P262",
          "description": "Do not get in eyes, on skin, or on clothing.",
        },
        {
          "code": "P264",
          "description": "Wash hands [and ...] thoroughly after handling.",
        },
        {
          "code": "P264+P265",
          "description": "Wash hands [and ...] thoroughly after handling. Do not touch eyes.",
        },
        {
          "code": "P270",
          "description": "Do not eat, drink or smoke when using this product.",
        },
        {
          "code": "P271",
          "description": "Use only outdoors or in a well-ventilated area.",
        },
        {
          "code": "P273",
          "description": "Avoid release to the environment.",
        },
        {
          "code": "P280",
          "description": "Wear protective gloves/protective clothing/eye protection/face protection/hearing protection/...",
        },
        {
          "code": "P301+P317",
          "description": "IF SWALLOWED: Get medical help.",
        },
        {
          "code": "P301+P330+P331",
          "description": "IF SWALLOWED: Rinse mouth. Do NOT induce vomiting.",
        },
        {
          "code": "P302+P352",
          "description": "IF ON SKIN: wash with plenty of water/...",
        },
        {
          "code": "P302+P361+P354",
          "description": "IF ON SKIN: Take off Immediately all contaminated clothing. Immediately rinse with water for several minutes.",
        },
        {
          "code": "P303+P361+P353",
          "description": "IF ON SKIN (or hair): Take off Immediately all contaminated clothing. Rinse SKIN with water [or shower].",
        },
        {
          "code": "P304+P340",
          "description": "IF INHALED: Remove person to fresh air and keep comfortable for breathing.",
        },
        {
          "code": "P305+P354+P338",
          "description": "IF IN EYES: Immediately rinse with water for several minutes. Remove contact lenses if present and easy to do. Continue rinsing.",
        },
        {
          "code": "P308+P316",
          "description": "IF exposed or concerned: Get emergency medical help immediately.",
        },
        {
          "code": "P316",
          "description": "Get emergency medical help immediately.",
        },
        {
          "code": "P317",
          "description": "Get emergency medical help.",
        },
        {
          "code": "P319",
          "description": "Get medical help if you feel unwell.",
        },
        {
          "code": "P321",
          "description": "Specific treatment (see ... on this label).",
        },
        {
          "code": "P330",
          "description": "Rinse mouth.",
        },
        {
          "code": "P361+P364",
          "description": "Take off immediately all contaminated clothing and wash it before reuse.",
        },
        {
          "code": "P363",
          "description": "Wash contaminated clothing before reuse.",
        },
        {
          "code": "P370+P378",
          "description": "In case of fire: Use ... to extinguish.",
        },
        {
          "code": "P391",
          "description": "Collect spillage.",
        },
        {
          "code": "P403+P233",
          "description": "Store in a well-ventilated place. Keep container tightly closed.",
        },
        {
          "code": "P403+P235",
          "description": "Store in a well-ventilated place. Keep cool.",
        },
        {
          "code": "P405",
          "description": "Store locked up.",
        },
        {
          "code": "P501",
          "description": "Dispose of contents/container to ...",
        },
      ],
      "reference": {
        "description": "The chemical classification in this section was conducted by the Chemical Management Center (CMC) of Japan National Institute of Technology and Evaluation (NITE) in accordance with GHS Classification Guidance for the Japanese Government, and is intended to provide a reference for preparing GHS labelling and SDS for users.",
        "name": "Triethylamine - FY2006 (New/original classication)",
        "sourceName": "NITE-CMC",
        "url": "https://www.chem-info.nite.go.jp/chem/english/ghs/06-imcg-0845e.html",
      },
    },
    {
      "data": [
        {
          "code": "P210",
          "description": "Keep away from heat, hot surface, sparks, open flames and other ignition sources. No smoking.",
        },
        {
          "code": "P233",
          "description": "Keep container tightly closed.",
        },
        {
          "code": "P240",
          "description": "Ground/bond container and receiving equipment.",
        },
        {
          "code": "P241",
          "description": "Use explosion-proof [electrical/ventilating/lighting/.../] equipment.",
        },
        {
          "code": "P242",
          "description": "Use only non-sparking tools.",
        },
        {
          "code": "P243",
          "description": "Take precautionary measures against static discharge.",
        },
        {
          "code": "P260",
          "description": "Do not breathe dust/fume/gas/mist/vapors/spray.",
        },
        {
          "code": "P261",
          "description": "Avoid breathing dust/fume/gas/mist/vapors/spray.",
        },
        {
          "code": "P262",
          "description": "Do not get in eyes, on skin, or on clothing.",
        },
        {
          "code": "P264",
          "description": "Wash hands [and ...] thoroughly after handling.",
        },
        {
          "code": "P264+P265",
          "description": "Wash hands [and ...] thoroughly after handling. Do not touch eyes.",
        },
        {
          "code": "P270",
          "description": "Do not eat, drink or smoke when using this product.",
        },
        {
          "code": "P271",
          "description": "Use only outdoors or in a well-ventilated area.",
        },
        {
          "code": "P273",
          "description": "Avoid release to the environment.",
        },
        {
          "code": "P280",
          "description": "Wear protective gloves/protective clothing/eye protection/face protection/hearing protection/...",
        },
        {
          "code": "P301+P317",
          "description": "IF SWALLOWED: Get medical help.",
        },
        {
          "code": "P301+P330+P331",
          "description": "IF SWALLOWED: Rinse mouth. Do NOT induce vomiting.",
        },
        {
          "code": "P302+P352",
          "description": "IF ON SKIN: wash with plenty of water/...",
        },
        {
          "code": "P302+P361+P354",
          "description": "IF ON SKIN: Take off Immediately all contaminated clothing. Immediately rinse with water for several minutes.",
        },
        {
          "code": "P303+P361+P353",
          "description": "IF ON SKIN (or hair): Take off Immediately all contaminated clothing. Rinse SKIN with water [or shower].",
        },
        {
          "code": "P304+P340",
          "description": "IF INHALED: Remove person to fresh air and keep comfortable for breathing.",
        },
        {
          "code": "P305+P354+P338",
          "description": "IF IN EYES: Immediately rinse with water for several minutes. Remove contact lenses if present and easy to do. Continue rinsing.",
        },
        {
          "code": "P308+P316",
          "description": "IF exposed or concerned: Get emergency medical help immediately.",
        },
        {
          "code": "P316",
          "description": "Get emergency medical help immediately.",
        },
        {
          "code": "P317",
          "description": "Get emergency medical help.",
        },
        {
          "code": "P319",
          "description": "Get medical help if you feel unwell.",
        },
        {
          "code": "P321",
          "description": "Specific treatment (see ... on this label).",
        },
        {
          "code": "P330",
          "description": "Rinse mouth.",
        },
        {
          "code": "P361+P364",
          "description": "Take off immediately all contaminated clothing and wash it before reuse.",
        },
        {
          "code": "P363",
          "description": "Wash contaminated clothing before reuse.",
        },
        {
          "code": "P370+P378",
          "description": "In case of fire: Use ... to extinguish.",
        },
        {
          "code": "P403+P233",
          "description": "Store in a well-ventilated place. Keep container tightly closed.",
        },
        {
          "code": "P403+P235",
          "description": "Store in a well-ventilated place. Keep cool.",
        },
        {
          "code": "P405",
          "description": "Store locked up.",
        },
        {
          "code": "P501",
          "description": "Dispose of contents/container to ...",
        },
      ],
      "reference": {
        "description": "The chemical classification in this section was conducted by the Chemical Management Center (CMC) of Japan National Institute of Technology and Evaluation (NITE) in accordance with GHS Classification Guidance for the Japanese Government, and is intended to provide a reference for preparing GHS labelling and SDS for users.",
        "name": "Triethylamine - FY2016 (Revised classification)",
        "sourceName": "NITE-CMC",
        "url": "https://www.chem-info.nite.go.jp/chem/english/ghs/16-mhlw-0118e.html",
      },
    },
    {
      "data": [
        {
          "code": "P210",
          "description": "Keep away from heat, hot surface, sparks, open flames and other ignition sources. No smoking.",
        },
        {
          "code": "P233",
          "description": "Keep container tightly closed.",
        },
        {
          "code": "P240",
          "description": "Ground/bond container and receiving equipment.",
        },
        {
          "code": "P241",
          "description": "Use explosion-proof [electrical/ventilating/lighting/.../] equipment.",
        },
        {
          "code": "P242",
          "description": "Use only non-sparking tools.",
        },
        {
          "code": "P243",
          "description": "Take precautionary measures against static discharge.",
        },
        {
          "code": "P260",
          "description": "Do not breathe dust/fume/gas/mist/vapors/spray.",
        },
        {
          "code": "P261",
          "description": "Avoid breathing dust/fume/gas/mist/vapors/spray.",
        },
        {
          "code": "P262",
          "description": "Do not get in eyes, on skin, or on clothing.",
        },
        {
          "code": "P264",
          "description": "Wash hands [and ...] thoroughly after handling.",
        },
        {
          "code": "P264+P265",
          "description": "Wash hands [and ...] thoroughly after handling. Do not touch eyes.",
        },
        {
          "code": "P270",
          "description": "Do not eat, drink or smoke when using this product.",
        },
        {
          "code": "P271",
          "description": "Use only outdoors or in a well-ventilated area.",
        },
        {
          "code": "P280",
          "description": "Wear protective gloves/protective clothing/eye protection/face protection/hearing protection/...",
        },
        {
          "code": "P301+P316",
          "description": "IF SWALLOWED: Get emergency medical help immediately.",
        },
        {
          "code": "P301+P330+P331",
          "description": "IF SWALLOWED: Rinse mouth. Do NOT induce vomiting.",
        },
        {
          "code": "P302+P352",
          "description": "IF ON SKIN: wash with plenty of water/...",
        },
        {
          "code": "P302+P361+P354",
          "description": "IF ON SKIN: Take off Immediately all contaminated clothing. Immediately rinse with water for several minutes.",
        },
        {
          "code": "P303+P361+P353",
          "description": "IF ON SKIN (or hair): Take off Immediately all contaminated clothing. Rinse SKIN with water [or shower].",
        },
        {
          "code": "P304+P340",
          "description": "IF INHALED: Remove person to fresh air and keep comfortable for breathing.",
        },
        {
          "code": "P305+P354+P338",
          "description": "IF IN EYES: Immediately rinse with water for several minutes. Remove contact lenses if present and easy to do. Continue rinsing.",
        },
        {
          "code": "P316",
          "description": "Get emergency medical help immediately.",
        },
        {
          "code": "P317",
          "description": "Get emergency medical help.",
        },
        {
          "code": "P321",
          "description": "Specific treatment (see ... on this label).",
        },
        {
          "code": "P330",
          "description": "Rinse mouth.",
        },
        {
          "code": "P361+P364",
          "description": "Take off immediately all contaminated clothing and wash it before reuse.",
        },
        {
          "code": "P363",
          "description": "Wash contaminated clothing before reuse.",
        },
        {
          "code": "P370+P378",
          "description": "In case of fire: Use ... to extinguish.",
        },
        {
          "code": "P403+P233",
          "description": "Store in a well-ventilated place. Keep container tightly closed.",
        },
        {
          "code": "P403+P235",
          "description": "Store in a well-ventilated place. Keep cool.",
        },
        {
          "code": "P405",
          "description": "Store locked up.",
        },
        {
          "code": "P501",
          "description": "Dispose of contents/container to ...",
        },
      ],
      "reference": {
        "description": "Regulation (EC) No 1272/2008 of the European Parliament and of the Council of 16 December 2008 on classification, labelling and packaging of substances and mixtures.",
        "name": "triethylamine",
        "sourceName": "Regulation (EC) No 1272/2008 of the European Parliament and of the Council",
        "url": "https://eur-lex.europa.eu/eli/reg/2008/1272/oj",
      },
    },
  ],
  "pictograms": [
    {
      "data": [
        {
          "code": "GHS02",
          "description": "Flammable",
        },
        {
          "code": "GHS05",
          "description": "Corrosive",
        },
        {
          "code": "GHS06",
          "description": "Toxic",
        },
        {
          "code": "GHS07",
          "description": "Harmful Irritant",
        },
      ],
      "reference": {
        "description": "The information provided here is aggregated from the "Notified classification and labelling" from ECHA's C&L Inventory. Read more: https://echa.europa.eu/information-on-chemicals/cl-inventory-database",
        "name": "Triethylamine (EC: 204-469-4)",
        "sourceName": "European Chemicals Agency (ECHA)",
        "url": "https://echa.europa.eu/information-on-chemicals/cl-inventory-database/-/discli/details/127374",
      },
    },
    {
      "data": [
        {
          "code": "GHS02",
          "description": "Flammable",
        },
        {
          "code": "GHS05",
          "description": "Corrosive",
        },
        {
          "code": "GHS06",
          "description": "Toxic",
        },
      ],
      "reference": {
        "description": "The Hazardous Chemical Information System (HCIS) at the Safe Work Australia is a database of chemical classifications and workplace exposure standards. It allows users to find information on chemicals that have been classified in accordance with the GHS or which have an Australian Workplace Exposure Standard.",
        "name": "triethylamine",
        "sourceName": "Hazardous Chemical Information System (HCIS), Safe Work Australia",
        "url": "http://hcis.safeworkaustralia.gov.au/HazardousChemical/Details?chemicalID=4580",
      },
    },
    {
      "data": [
        {
          "code": "GHS02",
          "description": "Flammable",
        },
        {
          "code": "GHS05",
          "description": "Corrosive",
        },
        {
          "code": "GHS06",
          "description": "Toxic",
        },
        {
          "code": "GHS07",
          "description": "Harmful Irritant",
        },
      ],
      "reference": {
        "description": "The Hazardous Substances Data Bank (HSDB) is a toxicology database that focuses on the toxicology of potentially hazardous chemicals. It provides information on human exposure, industrial hygiene, emergency handling procedures, environmental fate, regulatory requirements, nanomaterials, and related areas. The information in HSDB has been assessed by a Scientific Review Panel.",
        "name": "TRIETHYLAMINE",
        "sourceName": "Hazardous Substances Data Bank (HSDB)",
        "url": "https://pubchem.ncbi.nlm.nih.gov/source/hsdb/896",
      },
    },
    {
      "data": [
        {
          "code": "GHS02",
          "description": "Flammable",
        },
        {
          "code": "GHS05",
          "description": "Corrosive",
        },
        {
          "code": "GHS06",
          "description": "Toxic",
        },
        {
          "code": "GHS07",
          "description": "Harmful Irritant",
        },
        {
          "code": "GHS08",
          "description": "Health Hazard",
        },
        {
          "code": "GHS09",
          "description": "Environmental Hazard",
        },
      ],
      "reference": {
        "description": "The chemical classification in this section was conducted by the Chemical Management Center (CMC) of Japan National Institute of Technology and Evaluation (NITE) in accordance with GHS Classification Guidance for the Japanese Government, and is intended to provide a reference for preparing GHS labelling and SDS for users.",
        "name": "Triethylamine - FY2006 (New/original classication)",
        "sourceName": "NITE-CMC",
        "url": "https://www.chem-info.nite.go.jp/chem/english/ghs/06-imcg-0845e.html",
      },
    },
    {
      "data": [
        {
          "code": "GHS02",
          "description": "Flammable",
        },
        {
          "code": "GHS05",
          "description": "Corrosive",
        },
        {
          "code": "GHS06",
          "description": "Toxic",
        },
        {
          "code": "GHS07",
          "description": "Harmful Irritant",
        },
        {
          "code": "GHS08",
          "description": "Health Hazard",
        },
      ],
      "reference": {
        "description": "The chemical classification in this section was conducted by the Chemical Management Center (CMC) of Japan National Institute of Technology and Evaluation (NITE) in accordance with GHS Classification Guidance for the Japanese Government, and is intended to provide a reference for preparing GHS labelling and SDS for users.",
        "name": "Triethylamine - FY2016 (Revised classification)",
        "sourceName": "NITE-CMC",
        "url": "https://www.chem-info.nite.go.jp/chem/english/ghs/16-mhlw-0118e.html",
      },
    },
    {
      "data": [
        {
          "code": "GHS02",
          "description": "Flammable",
        },
        {
          "code": "GHS05",
          "description": "Corrosive",
        },
        {
          "code": "GHS06",
          "description": "Toxic",
        },
      ],
      "reference": {
        "description": "Regulation (EC) No 1272/2008 of the European Parliament and of the Council of 16 December 2008 on classification, labelling and packaging of substances and mixtures.",
        "name": "triethylamine",
        "sourceName": "Regulation (EC) No 1272/2008 of the European Parliament and of the Council",
        "url": "https://eur-lex.europa.eu/eli/reg/2008/1272/oj",
      },
    },
  ],
}
`;
